---
source: crates/xifty-cli/tests/cli_contract.rs
assertion_line: 2522
expression: "extract_json(\"happy.mp3\", ViewMode::Normalized)"
---
{
  "input": {
    "container": "mp3",
    "detected_format": "mp3",
    "path": "happy.mp3"
  },
  "normalized": {
    "fields": [
      {
        "confidence": 0.949999988079071,
        "field": "duration",
        "sources": [
          {
            "container": "mp3",
            "namespace": "mp3",
            "notes": [
              "derived from CBR audio_bytes * 8 / bitrate"
            ],
            "offset_end": 514,
            "offset_start": 97,
            "path": "mpeg_audio_frame"
          }
        ],
        "value": {
          "kind": "float",
          "value": 0.260625
        }
      },
      {
        "confidence": 0.949999988079071,
        "field": "codec.audio",
        "sources": [
          {
            "container": "mp3",
            "namespace": "mp3",
            "notes": [
              "MPEG audio codec identified from frame header version+layer"
            ],
            "offset_end": 514,
            "offset_start": 97,
            "path": "mpeg_audio_frame"
          }
        ],
        "value": {
          "kind": "string",
          "value": "mp3"
        }
      },
      {
        "confidence": 0.949999988079071,
        "field": "audio.channels",
        "sources": [
          {
            "container": "mp3",
            "namespace": "mp3",
            "notes": [
              "derived from first MPEG audio frame header channel mode"
            ],
            "offset_end": 514,
            "offset_start": 97,
            "path": "mpeg_audio_frame"
          }
        ],
        "value": {
          "kind": "integer",
          "value": 2
        }
      },
      {
        "confidence": 0.949999988079071,
        "field": "audio.sample_rate",
        "sources": [
          {
            "container": "mp3",
            "namespace": "mp3",
            "notes": [
              "derived from first MPEG audio frame header"
            ],
            "offset_end": 514,
            "offset_start": 97,
            "path": "mpeg_audio_frame"
          }
        ],
        "value": {
          "kind": "integer",
          "value": 44100
        }
      },
      {
        "confidence": 0.949999988079071,
        "field": "audio.bit_depth",
        "sources": [
          {
            "container": "mp3",
            "namespace": "mp3",
            "notes": [
              "MPEG audio decoder convention; not a tag-derived value"
            ],
            "offset_end": 514,
            "offset_start": 97,
            "path": "mpeg_audio_frame"
          }
        ],
        "value": {
          "kind": "integer",
          "value": 16
        }
      }
    ]
  },
  "report": {
    "conflicts": [],
    "issues": []
  },
  "schema_version": "0.1.0"
}
