---
source: crates/xifty-cli/tests/cli_contract.rs
assertion_line: 2517
expression: "probe_json(\"happy.mp3\")"
---
{
  "containers": [
    {
      "kind": "container",
      "label": "mp3",
      "offset_end": 4267,
      "offset_start": 0
    },
    {
      "kind": "tag",
      "label": "id3v2",
      "offset_end": 97,
      "offset_start": 0,
      "parent_label": "mp3"
    },
    {
      "kind": "frame",
      "label": "mpeg_audio_frame",
      "offset_end": 514,
      "offset_start": 97,
      "parent_label": "mp3"
    }
  ],
  "input": {
    "container": "mp3",
    "detected_format": "mp3",
    "path": "happy.mp3"
  },
  "report": {
    "conflicts": [],
    "issues": [
      {
        "code": "no_metadata_entries",
        "message": "no supported metadata entries were decoded",
        "severity": "info"
      }
    ]
  },
  "schema_version": "0.1.0"
}
