---
source: crates/xifty-cli/tests/cli_contract.rs
assertion_line: 507
expression: "extract_json(\"conflicting.png\", ViewMode::Report)"
---
{
  "input": {
    "container": "png",
    "detected_format": "png",
    "path": "conflicting.png"
  },
  "report": {
    "conflicts": [
      {
        "field": "captured_at",
        "message": "xmp:CreateDate=2024-04-17T00:00:00 vs exif:DateTimeOriginal=2024:04:16 12:34:56"
      },
      {
        "field": "device.model",
        "message": "exif:Model=IterationOne vs xmp:Model=IterationTwoXmp"
      },
      {
        "field": "captured_at",
        "message": "multiple candidates disagreed; selected DateTimeOriginal from exif"
      },
      {
        "field": "created_at",
        "message": "multiple candidates disagreed; selected CreateDate from exif"
      },
      {
        "field": "device.model",
        "message": "multiple candidates disagreed; selected Model from exif"
      },
      {
        "field": "software",
        "message": "multiple candidates disagreed; selected Software from exif"
      },
      {
        "field": "dimensions.width",
        "message": "multiple candidates disagreed; selected ImageWidth from exif"
      },
      {
        "field": "dimensions.height",
        "message": "multiple candidates disagreed; selected ImageHeight from exif"
      }
    ],
    "issues": []
  },
  "schema_version": "0.1.0"
}
