---
source: crates/xifty-cli/tests/cli_contract.rs
expression: "extract_json(\"big_endian.tiff\", ViewMode::Normalized)"
---
{
  "input": {
    "container": "tiff",
    "detected_format": "tiff",
    "path": "big_endian.tiff"
  },
  "normalized": {
    "fields": [
      {
        "confidence": 0.949999988079071,
        "field": "captured_at",
        "sources": [
          {
            "container": "tiff",
            "namespace": "exif",
            "offset_end": 150,
            "offset_start": 138,
            "path": "exif_ifd"
          }
        ],
        "value": {
          "kind": "timestamp",
          "value": "2024-04-16T12:34:56"
        }
      },
      {
        "confidence": 0.949999988079071,
        "field": "created_at",
        "sources": [
          {
            "container": "tiff",
            "namespace": "exif",
            "offset_end": 162,
            "offset_start": 150,
            "path": "exif_ifd"
          }
        ],
        "value": {
          "kind": "timestamp",
          "value": "2024-04-16T12:34:56"
        }
      },
      {
        "confidence": 0.949999988079071,
        "field": "device.make",
        "sources": [
          {
            "container": "tiff",
            "namespace": "exif",
            "offset_end": 46,
            "offset_start": 34,
            "path": "ifd0"
          }
        ],
        "value": {
          "kind": "string",
          "value": "XIFtyCam"
        }
      },
      {
        "confidence": 0.949999988079071,
        "field": "device.model",
        "sources": [
          {
            "container": "tiff",
            "namespace": "exif",
            "offset_end": 58,
            "offset_start": 46,
            "path": "ifd0"
          }
        ],
        "value": {
          "kind": "string",
          "value": "IterationOne"
        }
      },
      {
        "confidence": 0.949999988079071,
        "field": "software",
        "sources": [
          {
            "container": "tiff",
            "namespace": "exif",
            "offset_end": 82,
            "offset_start": 70,
            "path": "ifd0"
          }
        ],
        "value": {
          "kind": "string",
          "value": "XIFtyTestGen"
        }
      },
      {
        "confidence": 0.949999988079071,
        "field": "orientation",
        "sources": [
          {
            "container": "tiff",
            "namespace": "exif",
            "offset_end": 70,
            "offset_start": 58,
            "path": "ifd0"
          }
        ],
        "value": {
          "kind": "integer",
          "value": 1
        }
      },
      {
        "confidence": 0.949999988079071,
        "field": "dimensions.width",
        "sources": [
          {
            "container": "tiff",
            "namespace": "exif",
            "offset_end": 22,
            "offset_start": 10,
            "path": "ifd0"
          }
        ],
        "value": {
          "kind": "integer",
          "value": 1024
        }
      },
      {
        "confidence": 0.949999988079071,
        "field": "dimensions.height",
        "sources": [
          {
            "container": "tiff",
            "namespace": "exif",
            "offset_end": 34,
            "offset_start": 22,
            "path": "ifd0"
          }
        ],
        "value": {
          "kind": "integer",
          "value": 768
        }
      }
    ]
  },
  "report": {
    "conflicts": [],
    "issues": []
  },
  "schema_version": "0.1.0"
}
